---
source: crates/plume-chart/tests/render.rs
expression: "to_svg(& chart, w, h).unwrap()"
---
<svg width="640" height="480" viewBox="0 0 640 480" xmlns="http://www.w3.org/2000/svg">
<rect x="0" y="0" width="640" height="480" opacity="1" fill="#FFFFFF" stroke="none"/>
<text x="320" y="15" dy="0.76em" text-anchor="middle" font-family="sans-serif" font-size="16.129032258064516" opacity="1" fill="#000000">
boxplot_vertical
</text>
<line opacity="0.1" stroke="#000000" stroke-width="1" x1="122" y1="439" x2="122" y2="36"/>
<line opacity="0.1" stroke="#000000" stroke-width="1" x1="267" y1="439" x2="267" y2="36"/>
<line opacity="0.1" stroke="#000000" stroke-width="1" x1="411" y1="439" x2="411" y2="36"/>
<line opacity="0.1" stroke="#000000" stroke-width="1" x1="556" y1="439" x2="556" y2="36"/>
<line opacity="0.1" stroke="#000000" stroke-width="1" x1="50" y1="434" x2="629" y2="434"/>
<line opacity="0.1" stroke="#000000" stroke-width="1" x1="50" y1="427" x2="629" y2="427"/>
<line opacity="0.1" stroke="#000000" stroke-width="1" x1="50" y1="420" x2="629" y2="420"/>
<line opacity="0.1" stroke="#000000" stroke-width="1" x1="50" y1="413" x2="629" y2="413"/>
<line opacity="0.1" stroke="#000000" stroke-width="1" x1="50" y1="406" x2="629" y2="406"/>
<line opacity="0.1" stroke="#000000" stroke-width="1" x1="50" y1="399" x2="629" y2="399"/>
<line opacity="0.1" stroke="#000000" stroke-width="1" x1="50" y1="392" x2="629" y2="392"/>
<line opacity="0.1" stroke="#000000" stroke-width="1" x1="50" y1="385" x2="629" y2="385"/>
<line opacity="0.1" stroke="#000000" stroke-width="1" x1="50" y1="378" x2="629" y2="378"/>
<line opacity="0.1" stroke="#000000" stroke-width="1" x1="50" y1="371" x2="629" y2="371"/>
<line opacity="0.1" stroke="#000000" stroke-width="1" x1="50" y1="363" x2="629" y2="363"/>
<line opacity="0.1" stroke="#000000" stroke-width="1" x1="50" y1="356" x2="629" y2="356"/>
<line opacity="0.1" stroke="#000000" stroke-width="1" x1="50" y1="349" x2="629" y2="349"/>
<line opacity="0.1" stroke="#000000" stroke-width="1" x1="50" y1="342" x2="629" y2="342"/>
<line opacity="0.1" stroke="#000000" stroke-width="1" x1="50" y1="335" x2="629" y2="335"/>
<line opacity="0.1" stroke="#000000" stroke-width="1" x1="50" y1="328" x2="629" y2="328"/>
<line opacity="0.1" stroke="#000000" stroke-width="1" x1="50" y1="321" x2="629" y2="321"/>
<line opacity="0.1" stroke="#000000" stroke-width="1" x1="50" y1="314" x2="629" y2="314"/>
<line opacity="0.1" stroke="#000000" stroke-width="1" x1="50" y1="307" x2="629" y2="307"/>
<line opacity="0.1" stroke="#000000" stroke-width="1" x1="50" y1="300" x2="629" y2="300"/>
<line opacity="0.1" stroke="#000000" stroke-width="1" x1="50" y1="293" x2="629" y2="293"/>
<line opacity="0.1" stroke="#000000" stroke-width="1" x1="50" y1="286" x2="629" y2="286"/>
<line opacity="0.1" stroke="#000000" stroke-width="1" x1="50" y1="279" x2="629" y2="279"/>
<line opacity="0.1" stroke="#000000" stroke-width="1" x1="50" y1="272" x2="629" y2="272"/>
<line opacity="0.1" stroke="#000000" stroke-width="1" x1="50" y1="265" x2="629" y2="265"/>
<line opacity="0.1" stroke="#000000" stroke-width="1" x1="50" y1="257" x2="629" y2="257"/>
<line opacity="0.1" stroke="#000000" stroke-width="1" x1="50" y1="250" x2="629" y2="250"/>
<line opacity="0.1" stroke="#000000" stroke-width="1" x1="50" y1="243" x2="629" y2="243"/>
<line opacity="0.1" stroke="#000000" stroke-width="1" x1="50" y1="236" x2="629" y2="236"/>
<line opacity="0.1" stroke="#000000" stroke-width="1" x1="50" y1="229" x2="629" y2="229"/>
<line opacity="0.1" stroke="#000000" stroke-width="1" x1="50" y1="222" x2="629" y2="222"/>
<line opacity="0.1" stroke="#000000" stroke-width="1" x1="50" y1="215" x2="629" y2="215"/>
<line opacity="0.1" stroke="#000000" stroke-width="1" x1="50" y1="208" x2="629" y2="208"/>
<line opacity="0.1" stroke="#000000" stroke-width="1" x1="50" y1="201" x2="629" y2="201"/>
<line opacity="0.1" stroke="#000000" stroke-width="1" x1="50" y1="194" x2="629" y2="194"/>
<line opacity="0.1" stroke="#000000" stroke-width="1" x1="50" y1="187" x2="629" y2="187"/>
<line opacity="0.1" stroke="#000000" stroke-width="1" x1="50" y1="180" x2="629" y2="180"/>
<line opacity="0.1" stroke="#000000" stroke-width="1" x1="50" y1="173" x2="629" y2="173"/>
<line opacity="0.1" stroke="#000000" stroke-width="1" x1="50" y1="166" x2="629" y2="166"/>
<line opacity="0.1" stroke="#000000" stroke-width="1" x1="50" y1="158" x2="629" y2="158"/>
<line opacity="0.1" stroke="#000000" stroke-width="1" x1="50" y1="151" x2="629" y2="151"/>
<line opacity="0.1" stroke="#000000" stroke-width="1" x1="50" y1="144" x2="629" y2="144"/>
<line opacity="0.1" stroke="#000000" stroke-width="1" x1="50" y1="137" x2="629" y2="137"/>
<line opacity="0.1" stroke="#000000" stroke-width="1" x1="50" y1="130" x2="629" y2="130"/>
<line opacity="0.1" stroke="#000000" stroke-width="1" x1="50" y1="123" x2="629" y2="123"/>
<line opacity="0.1" stroke="#000000" stroke-width="1" x1="50" y1="116" x2="629" y2="116"/>
<line opacity="0.1" stroke="#000000" stroke-width="1" x1="50" y1="109" x2="629" y2="109"/>
<line opacity="0.1" stroke="#000000" stroke-width="1" x1="50" y1="102" x2="629" y2="102"/>
<line opacity="0.1" stroke="#000000" stroke-width="1" x1="50" y1="95" x2="629" y2="95"/>
<line opacity="0.1" stroke="#000000" stroke-width="1" x1="50" y1="88" x2="629" y2="88"/>
<line opacity="0.1" stroke="#000000" stroke-width="1" x1="50" y1="81" x2="629" y2="81"/>
<line opacity="0.1" stroke="#000000" stroke-width="1" x1="50" y1="74" x2="629" y2="74"/>
<line opacity="0.1" stroke="#000000" stroke-width="1" x1="50" y1="67" x2="629" y2="67"/>
<line opacity="0.1" stroke="#000000" stroke-width="1" x1="50" y1="59" x2="629" y2="59"/>
<line opacity="0.1" stroke="#000000" stroke-width="1" x1="50" y1="52" x2="629" y2="52"/>
<line opacity="0.1" stroke="#000000" stroke-width="1" x1="50" y1="45" x2="629" y2="45"/>
<line opacity="0.1" stroke="#000000" stroke-width="1" x1="50" y1="38" x2="629" y2="38"/>
<line opacity="0.2" stroke="#000000" stroke-width="1" x1="122" y1="439" x2="122" y2="36"/>
<line opacity="0.2" stroke="#000000" stroke-width="1" x1="267" y1="439" x2="267" y2="36"/>
<line opacity="0.2" stroke="#000000" stroke-width="1" x1="411" y1="439" x2="411" y2="36"/>
<line opacity="0.2" stroke="#000000" stroke-width="1" x1="556" y1="439" x2="556" y2="36"/>
<line opacity="0.2" stroke="#000000" stroke-width="1" x1="50" y1="371" x2="629" y2="371"/>
<line opacity="0.2" stroke="#000000" stroke-width="1" x1="50" y1="300" x2="629" y2="300"/>
<line opacity="0.2" stroke="#000000" stroke-width="1" x1="50" y1="229" x2="629" y2="229"/>
<line opacity="0.2" stroke="#000000" stroke-width="1" x1="50" y1="158" x2="629" y2="158"/>
<line opacity="0.2" stroke="#000000" stroke-width="1" x1="50" y1="88" x2="629" y2="88"/>
<polyline fill="none" opacity="1" stroke="#000000" stroke-width="1" points="49,36 49,439 "/>
<text x="40" y="371" dy="0.5ex" text-anchor="end" font-family="sans-serif" font-size="9.67741935483871" opacity="1" fill="#000000">
10.0
</text>
<polyline fill="none" opacity="1" stroke="#000000" stroke-width="1" points="44,371 49,371 "/>
<text x="40" y="300" dy="0.5ex" text-anchor="end" font-family="sans-serif" font-size="9.67741935483871" opacity="1" fill="#000000">
15.0
</text>
<polyline fill="none" opacity="1" stroke="#000000" stroke-width="1" points="44,300 49,300 "/>
<text x="40" y="229" dy="0.5ex" text-anchor="end" font-family="sans-serif" font-size="9.67741935483871" opacity="1" fill="#000000">
20.0
</text>
<polyline fill="none" opacity="1" stroke="#000000" stroke-width="1" points="44,229 49,229 "/>
<text x="40" y="158" dy="0.5ex" text-anchor="end" font-family="sans-serif" font-size="9.67741935483871" opacity="1" fill="#000000">
25.0
</text>
<polyline fill="none" opacity="1" stroke="#000000" stroke-width="1" points="44,158 49,158 "/>
<text x="40" y="88" dy="0.5ex" text-anchor="end" font-family="sans-serif" font-size="9.67741935483871" opacity="1" fill="#000000">
30.0
</text>
<polyline fill="none" opacity="1" stroke="#000000" stroke-width="1" points="44,88 49,88 "/>
<polyline fill="none" opacity="1" stroke="#000000" stroke-width="1" points="50,440 629,440 "/>
<text x="122" y="450" dy="0.76em" text-anchor="middle" font-family="sans-serif" font-size="9.67741935483871" opacity="1" fill="#000000">
east
</text>
<polyline fill="none" opacity="1" stroke="#000000" stroke-width="1" points="122,440 122,445 "/>
<text x="267" y="450" dy="0.76em" text-anchor="middle" font-family="sans-serif" font-size="9.67741935483871" opacity="1" fill="#000000">
north
</text>
<polyline fill="none" opacity="1" stroke="#000000" stroke-width="1" points="267,440 267,445 "/>
<text x="411" y="450" dy="0.76em" text-anchor="middle" font-family="sans-serif" font-size="9.67741935483871" opacity="1" fill="#000000">
south
</text>
<polyline fill="none" opacity="1" stroke="#000000" stroke-width="1" points="411,440 411,445 "/>
<text x="556" y="450" dy="0.76em" text-anchor="middle" font-family="sans-serif" font-size="9.67741935483871" opacity="1" fill="#000000">
west
</text>
<polyline fill="none" opacity="1" stroke="#000000" stroke-width="1" points="556,440 556,445 "/>
<line opacity="1" stroke="#3F51B5" stroke-width="2" x1="107" y1="356" x2="137" y2="356"/>
<line opacity="1" stroke="#3F51B5" stroke-width="1" x1="122" y1="356" x2="122" y2="250"/>
<rect x="107" y="180" width="30" height="70" opacity="1" fill="none" stroke="#3F51B5"/>
<line opacity="1" stroke="#3F51B5" stroke-width="2" x1="107" y1="215" x2="137" y2="215"/>
<line opacity="1" stroke="#3F51B5" stroke-width="2" x1="122" y1="180" x2="122" y2="74"/>
<line opacity="1" stroke="#3F51B5" stroke-width="2" x1="107" y1="74" x2="137" y2="74"/>
<line opacity="1" stroke="#3F51B5" stroke-width="2" x1="252" y1="439" x2="282" y2="439"/>
<line opacity="1" stroke="#3F51B5" stroke-width="1" x1="267" y1="439" x2="267" y2="336"/>
<rect x="252" y="267" width="30" height="69" opacity="1" fill="none" stroke="#3F51B5"/>
<line opacity="1" stroke="#3F51B5" stroke-width="2" x1="252" y1="302" x2="282" y2="302"/>
<line opacity="1" stroke="#3F51B5" stroke-width="2" x1="267" y1="267" x2="267" y2="164"/>
<line opacity="1" stroke="#3F51B5" stroke-width="2" x1="252" y1="164" x2="282" y2="164"/>
<line opacity="1" stroke="#3F51B5" stroke-width="2" x1="396" y1="397" x2="426" y2="397"/>
<line opacity="1" stroke="#3F51B5" stroke-width="1" x1="411" y1="397" x2="411" y2="294"/>
<rect x="396" y="225" width="30" height="69" opacity="1" fill="none" stroke="#3F51B5"/>
<line opacity="1" stroke="#3F51B5" stroke-width="2" x1="396" y1="259" x2="426" y2="259"/>
<line opacity="1" stroke="#3F51B5" stroke-width="2" x1="411" y1="225" x2="411" y2="121"/>
<line opacity="1" stroke="#3F51B5" stroke-width="2" x1="396" y1="121" x2="426" y2="121"/>
<line opacity="1" stroke="#3F51B5" stroke-width="2" x1="541" y1="312" x2="571" y2="312"/>
<line opacity="1" stroke="#3F51B5" stroke-width="1" x1="556" y1="312" x2="556" y2="209"/>
<rect x="541" y="140" width="30" height="69" opacity="1" fill="none" stroke="#3F51B5"/>
<line opacity="1" stroke="#3F51B5" stroke-width="2" x1="541" y1="174" x2="571" y2="174"/>
<line opacity="1" stroke="#3F51B5" stroke-width="2" x1="556" y1="140" x2="556" y2="36"/>
<line opacity="1" stroke="#3F51B5" stroke-width="2" x1="541" y1="36" x2="571" y2="36"/>
<text x="580" y="233" dy="0.76em" text-anchor="start" font-family="sans-serif" font-size="9.67741935483871" opacity="1" fill="#000000">
spread
</text>
<line opacity="1" stroke="#3F51B5" stroke-width="2" x1="554" y1="244" x2="566" y2="244"/>
<line opacity="1" stroke="#3F51B5" stroke-width="1" x1="560" y1="244" x2="560" y2="240"/>
<rect x="554" y="234" width="12" height="6" opacity="1" fill="none" stroke="#3F51B5"/>
<line opacity="1" stroke="#3F51B5" stroke-width="2" x1="554" y1="237" x2="566" y2="237"/>
<line opacity="1" stroke="#3F51B5" stroke-width="2" x1="560" y1="234" x2="560" y2="230"/>
<line opacity="1" stroke="#3F51B5" stroke-width="2" x1="554" y1="230" x2="566" y2="230"/>
</svg>
