---
source: crates/duckers-chart/tests/render.rs
assertion_line: 433
expression: "to_svg(& chart, w, h).unwrap()"
---
<svg width="640" height="480" viewBox="0 0 640 480" xmlns="http://www.w3.org/2000/svg">
<rect x="0" y="0" width="640" height="480" opacity="1" fill="#FFFFFF" stroke="none"/>
<line opacity="0.1" stroke="#000000" stroke-width="1" x1="70" y1="439" x2="70" y2="10"/>
<line opacity="0.1" stroke="#000000" stroke-width="1" x1="112" y1="439" x2="112" y2="10"/>
<line opacity="0.1" stroke="#000000" stroke-width="1" x1="153" y1="439" x2="153" y2="10"/>
<line opacity="0.1" stroke="#000000" stroke-width="1" x1="194" y1="439" x2="194" y2="10"/>
<line opacity="0.1" stroke="#000000" stroke-width="1" x1="236" y1="439" x2="236" y2="10"/>
<line opacity="0.1" stroke="#000000" stroke-width="1" x1="277" y1="439" x2="277" y2="10"/>
<line opacity="0.1" stroke="#000000" stroke-width="1" x1="318" y1="439" x2="318" y2="10"/>
<line opacity="0.1" stroke="#000000" stroke-width="1" x1="360" y1="439" x2="360" y2="10"/>
<line opacity="0.1" stroke="#000000" stroke-width="1" x1="401" y1="439" x2="401" y2="10"/>
<line opacity="0.1" stroke="#000000" stroke-width="1" x1="442" y1="439" x2="442" y2="10"/>
<line opacity="0.1" stroke="#000000" stroke-width="1" x1="484" y1="439" x2="484" y2="10"/>
<line opacity="0.1" stroke="#000000" stroke-width="1" x1="525" y1="439" x2="525" y2="10"/>
<line opacity="0.1" stroke="#000000" stroke-width="1" x1="566" y1="439" x2="566" y2="10"/>
<line opacity="0.1" stroke="#000000" stroke-width="1" x1="608" y1="439" x2="608" y2="10"/>
<line opacity="0.1" stroke="#000000" stroke-width="1" x1="50" y1="439" x2="629" y2="439"/>
<line opacity="0.1" stroke="#000000" stroke-width="1" x1="50" y1="435" x2="629" y2="435"/>
<line opacity="0.1" stroke="#000000" stroke-width="1" x1="50" y1="431" x2="629" y2="431"/>
<line opacity="0.1" stroke="#000000" stroke-width="1" x1="50" y1="427" x2="629" y2="427"/>
<line opacity="0.1" stroke="#000000" stroke-width="1" x1="50" y1="422" x2="629" y2="422"/>
<line opacity="0.1" stroke="#000000" stroke-width="1" x1="50" y1="418" x2="629" y2="418"/>
<line opacity="0.1" stroke="#000000" stroke-width="1" x1="50" y1="414" x2="629" y2="414"/>
<line opacity="0.1" stroke="#000000" stroke-width="1" x1="50" y1="409" x2="629" y2="409"/>
<line opacity="0.1" stroke="#000000" stroke-width="1" x1="50" y1="405" x2="629" y2="405"/>
<line opacity="0.1" stroke="#000000" stroke-width="1" x1="50" y1="401" x2="629" y2="401"/>
<line opacity="0.1" stroke="#000000" stroke-width="1" x1="50" y1="397" x2="629" y2="397"/>
<line opacity="0.1" stroke="#000000" stroke-width="1" x1="50" y1="392" x2="629" y2="392"/>
<line opacity="0.1" stroke="#000000" stroke-width="1" x1="50" y1="388" x2="629" y2="388"/>
<line opacity="0.1" stroke="#000000" stroke-width="1" x1="50" y1="384" x2="629" y2="384"/>
<line opacity="0.1" stroke="#000000" stroke-width="1" x1="50" y1="379" x2="629" y2="379"/>
<line opacity="0.1" stroke="#000000" stroke-width="1" x1="50" y1="375" x2="629" y2="375"/>
<line opacity="0.1" stroke="#000000" stroke-width="1" x1="50" y1="371" x2="629" y2="371"/>
<line opacity="0.1" stroke="#000000" stroke-width="1" x1="50" y1="367" x2="629" y2="367"/>
<line opacity="0.1" stroke="#000000" stroke-width="1" x1="50" y1="362" x2="629" y2="362"/>
<line opacity="0.1" stroke="#000000" stroke-width="1" x1="50" y1="358" x2="629" y2="358"/>
<line opacity="0.1" stroke="#000000" stroke-width="1" x1="50" y1="354" x2="629" y2="354"/>
<line opacity="0.1" stroke="#000000" stroke-width="1" x1="50" y1="349" x2="629" y2="349"/>
<line opacity="0.1" stroke="#000000" stroke-width="1" x1="50" y1="345" x2="629" y2="345"/>
<line opacity="0.1" stroke="#000000" stroke-width="1" x1="50" y1="341" x2="629" y2="341"/>
<line opacity="0.1" stroke="#000000" stroke-width="1" x1="50" y1="337" x2="629" y2="337"/>
<line opacity="0.1" stroke="#000000" stroke-width="1" x1="50" y1="332" x2="629" y2="332"/>
<line opacity="0.1" stroke="#000000" stroke-width="1" x1="50" y1="328" x2="629" y2="328"/>
<line opacity="0.1" stroke="#000000" stroke-width="1" x1="50" y1="324" x2="629" y2="324"/>
<line opacity="0.1" stroke="#000000" stroke-width="1" x1="50" y1="319" x2="629" y2="319"/>
<line opacity="0.1" stroke="#000000" stroke-width="1" x1="50" y1="315" x2="629" y2="315"/>
<line opacity="0.1" stroke="#000000" stroke-width="1" x1="50" y1="311" x2="629" y2="311"/>
<line opacity="0.1" stroke="#000000" stroke-width="1" x1="50" y1="307" x2="629" y2="307"/>
<line opacity="0.1" stroke="#000000" stroke-width="1" x1="50" y1="302" x2="629" y2="302"/>
<line opacity="0.1" stroke="#000000" stroke-width="1" x1="50" y1="298" x2="629" y2="298"/>
<line opacity="0.1" stroke="#000000" stroke-width="1" x1="50" y1="294" x2="629" y2="294"/>
<line opacity="0.1" stroke="#000000" stroke-width="1" x1="50" y1="289" x2="629" y2="289"/>
<line opacity="0.1" stroke="#000000" stroke-width="1" x1="50" y1="285" x2="629" y2="285"/>
<line opacity="0.1" stroke="#000000" stroke-width="1" x1="50" y1="281" x2="629" y2="281"/>
<line opacity="0.1" stroke="#000000" stroke-width="1" x1="50" y1="276" x2="629" y2="276"/>
<line opacity="0.1" stroke="#000000" stroke-width="1" x1="50" y1="272" x2="629" y2="272"/>
<line opacity="0.1" stroke="#000000" stroke-width="1" x1="50" y1="268" x2="629" y2="268"/>
<line opacity="0.1" stroke="#000000" stroke-width="1" x1="50" y1="264" x2="629" y2="264"/>
<line opacity="0.1" stroke="#000000" stroke-width="1" x1="50" y1="259" x2="629" y2="259"/>
<line opacity="0.1" stroke="#000000" stroke-width="1" x1="50" y1="255" x2="629" y2="255"/>
<line opacity="0.1" stroke="#000000" stroke-width="1" x1="50" y1="251" x2="629" y2="251"/>
<line opacity="0.1" stroke="#000000" stroke-width="1" x1="50" y1="246" x2="629" y2="246"/>
<line opacity="0.1" stroke="#000000" stroke-width="1" x1="50" y1="242" x2="629" y2="242"/>
<line opacity="0.1" stroke="#000000" stroke-width="1" x1="50" y1="238" x2="629" y2="238"/>
<line opacity="0.1" stroke="#000000" stroke-width="1" x1="50" y1="234" x2="629" y2="234"/>
<line opacity="0.1" stroke="#000000" stroke-width="1" x1="50" y1="229" x2="629" y2="229"/>
<line opacity="0.1" stroke="#000000" stroke-width="1" x1="50" y1="225" x2="629" y2="225"/>
<line opacity="0.1" stroke="#000000" stroke-width="1" x1="50" y1="221" x2="629" y2="221"/>
<line opacity="0.1" stroke="#000000" stroke-width="1" x1="50" y1="216" x2="629" y2="216"/>
<line opacity="0.1" stroke="#000000" stroke-width="1" x1="50" y1="212" x2="629" y2="212"/>
<line opacity="0.1" stroke="#000000" stroke-width="1" x1="50" y1="208" x2="629" y2="208"/>
<line opacity="0.1" stroke="#000000" stroke-width="1" x1="50" y1="204" x2="629" y2="204"/>
<line opacity="0.1" stroke="#000000" stroke-width="1" x1="50" y1="199" x2="629" y2="199"/>
<line opacity="0.1" stroke="#000000" stroke-width="1" x1="50" y1="195" x2="629" y2="195"/>
<line opacity="0.1" stroke="#000000" stroke-width="1" x1="50" y1="191" x2="629" y2="191"/>
<line opacity="0.1" stroke="#000000" stroke-width="1" x1="50" y1="186" x2="629" y2="186"/>
<line opacity="0.1" stroke="#000000" stroke-width="1" x1="50" y1="182" x2="629" y2="182"/>
<line opacity="0.1" stroke="#000000" stroke-width="1" x1="50" y1="178" x2="629" y2="178"/>
<line opacity="0.1" stroke="#000000" stroke-width="1" x1="50" y1="174" x2="629" y2="174"/>
<line opacity="0.1" stroke="#000000" stroke-width="1" x1="50" y1="169" x2="629" y2="169"/>
<line opacity="0.1" stroke="#000000" stroke-width="1" x1="50" y1="165" x2="629" y2="165"/>
<line opacity="0.1" stroke="#000000" stroke-width="1" x1="50" y1="161" x2="629" y2="161"/>
<line opacity="0.1" stroke="#000000" stroke-width="1" x1="50" y1="156" x2="629" y2="156"/>
<line opacity="0.1" stroke="#000000" stroke-width="1" x1="50" y1="152" x2="629" y2="152"/>
<line opacity="0.1" stroke="#000000" stroke-width="1" x1="50" y1="148" x2="629" y2="148"/>
<line opacity="0.1" stroke="#000000" stroke-width="1" x1="50" y1="143" x2="629" y2="143"/>
<line opacity="0.1" stroke="#000000" stroke-width="1" x1="50" y1="139" x2="629" y2="139"/>
<line opacity="0.1" stroke="#000000" stroke-width="1" x1="50" y1="135" x2="629" y2="135"/>
<line opacity="0.1" stroke="#000000" stroke-width="1" x1="50" y1="131" x2="629" y2="131"/>
<line opacity="0.1" stroke="#000000" stroke-width="1" x1="50" y1="126" x2="629" y2="126"/>
<line opacity="0.1" stroke="#000000" stroke-width="1" x1="50" y1="122" x2="629" y2="122"/>
<line opacity="0.1" stroke="#000000" stroke-width="1" x1="50" y1="118" x2="629" y2="118"/>
<line opacity="0.1" stroke="#000000" stroke-width="1" x1="50" y1="113" x2="629" y2="113"/>
<line opacity="0.1" stroke="#000000" stroke-width="1" x1="50" y1="109" x2="629" y2="109"/>
<line opacity="0.1" stroke="#000000" stroke-width="1" x1="50" y1="105" x2="629" y2="105"/>
<line opacity="0.1" stroke="#000000" stroke-width="1" x1="50" y1="101" x2="629" y2="101"/>
<line opacity="0.1" stroke="#000000" stroke-width="1" x1="50" y1="96" x2="629" y2="96"/>
<line opacity="0.1" stroke="#000000" stroke-width="1" x1="50" y1="92" x2="629" y2="92"/>
<line opacity="0.1" stroke="#000000" stroke-width="1" x1="50" y1="88" x2="629" y2="88"/>
<line opacity="0.1" stroke="#000000" stroke-width="1" x1="50" y1="83" x2="629" y2="83"/>
<line opacity="0.1" stroke="#000000" stroke-width="1" x1="50" y1="79" x2="629" y2="79"/>
<line opacity="0.1" stroke="#000000" stroke-width="1" x1="50" y1="75" x2="629" y2="75"/>
<line opacity="0.1" stroke="#000000" stroke-width="1" x1="50" y1="71" x2="629" y2="71"/>
<line opacity="0.1" stroke="#000000" stroke-width="1" x1="50" y1="66" x2="629" y2="66"/>
<line opacity="0.1" stroke="#000000" stroke-width="1" x1="50" y1="62" x2="629" y2="62"/>
<line opacity="0.1" stroke="#000000" stroke-width="1" x1="50" y1="58" x2="629" y2="58"/>
<line opacity="0.1" stroke="#000000" stroke-width="1" x1="50" y1="53" x2="629" y2="53"/>
<line opacity="0.1" stroke="#000000" stroke-width="1" x1="50" y1="49" x2="629" y2="49"/>
<line opacity="0.1" stroke="#000000" stroke-width="1" x1="50" y1="45" x2="629" y2="45"/>
<line opacity="0.1" stroke="#000000" stroke-width="1" x1="50" y1="41" x2="629" y2="41"/>
<line opacity="0.1" stroke="#000000" stroke-width="1" x1="50" y1="36" x2="629" y2="36"/>
<line opacity="0.1" stroke="#000000" stroke-width="1" x1="50" y1="32" x2="629" y2="32"/>
<line opacity="0.1" stroke="#000000" stroke-width="1" x1="50" y1="28" x2="629" y2="28"/>
<line opacity="0.1" stroke="#000000" stroke-width="1" x1="50" y1="23" x2="629" y2="23"/>
<line opacity="0.1" stroke="#000000" stroke-width="1" x1="50" y1="19" x2="629" y2="19"/>
<line opacity="0.1" stroke="#000000" stroke-width="1" x1="50" y1="15" x2="629" y2="15"/>
<line opacity="0.1" stroke="#000000" stroke-width="1" x1="50" y1="10" x2="629" y2="10"/>
<line opacity="0.2" stroke="#000000" stroke-width="1" x1="70" y1="439" x2="70" y2="10"/>
<line opacity="0.2" stroke="#000000" stroke-width="1" x1="360" y1="439" x2="360" y2="10"/>
<line opacity="0.2" stroke="#000000" stroke-width="1" x1="50" y1="439" x2="629" y2="439"/>
<line opacity="0.2" stroke="#000000" stroke-width="1" x1="50" y1="397" x2="629" y2="397"/>
<line opacity="0.2" stroke="#000000" stroke-width="1" x1="50" y1="354" x2="629" y2="354"/>
<line opacity="0.2" stroke="#000000" stroke-width="1" x1="50" y1="311" x2="629" y2="311"/>
<line opacity="0.2" stroke="#000000" stroke-width="1" x1="50" y1="268" x2="629" y2="268"/>
<line opacity="0.2" stroke="#000000" stroke-width="1" x1="50" y1="225" x2="629" y2="225"/>
<line opacity="0.2" stroke="#000000" stroke-width="1" x1="50" y1="182" x2="629" y2="182"/>
<line opacity="0.2" stroke="#000000" stroke-width="1" x1="50" y1="139" x2="629" y2="139"/>
<line opacity="0.2" stroke="#000000" stroke-width="1" x1="50" y1="96" x2="629" y2="96"/>
<line opacity="0.2" stroke="#000000" stroke-width="1" x1="50" y1="53" x2="629" y2="53"/>
<line opacity="0.2" stroke="#000000" stroke-width="1" x1="50" y1="10" x2="629" y2="10"/>
<polyline fill="none" opacity="1" stroke="#000000" stroke-width="1" points="49,10 49,439 "/>
<text x="40" y="439" dy="0.5ex" text-anchor="end" font-family="sans-serif" font-size="9.67741935483871" opacity="1" fill="#000000">
0.0
</text>
<polyline fill="none" opacity="1" stroke="#000000" stroke-width="1" points="44,439 49,439 "/>
<text x="40" y="397" dy="0.5ex" text-anchor="end" font-family="sans-serif" font-size="9.67741935483871" opacity="1" fill="#000000">
1.0
</text>
<polyline fill="none" opacity="1" stroke="#000000" stroke-width="1" points="44,397 49,397 "/>
<text x="40" y="354" dy="0.5ex" text-anchor="end" font-family="sans-serif" font-size="9.67741935483871" opacity="1" fill="#000000">
2.0
</text>
<polyline fill="none" opacity="1" stroke="#000000" stroke-width="1" points="44,354 49,354 "/>
<text x="40" y="311" dy="0.5ex" text-anchor="end" font-family="sans-serif" font-size="9.67741935483871" opacity="1" fill="#000000">
3.0
</text>
<polyline fill="none" opacity="1" stroke="#000000" stroke-width="1" points="44,311 49,311 "/>
<text x="40" y="268" dy="0.5ex" text-anchor="end" font-family="sans-serif" font-size="9.67741935483871" opacity="1" fill="#000000">
4.0
</text>
<polyline fill="none" opacity="1" stroke="#000000" stroke-width="1" points="44,268 49,268 "/>
<text x="40" y="225" dy="0.5ex" text-anchor="end" font-family="sans-serif" font-size="9.67741935483871" opacity="1" fill="#000000">
5.0
</text>
<polyline fill="none" opacity="1" stroke="#000000" stroke-width="1" points="44,225 49,225 "/>
<text x="40" y="182" dy="0.5ex" text-anchor="end" font-family="sans-serif" font-size="9.67741935483871" opacity="1" fill="#000000">
6.0
</text>
<polyline fill="none" opacity="1" stroke="#000000" stroke-width="1" points="44,182 49,182 "/>
<text x="40" y="139" dy="0.5ex" text-anchor="end" font-family="sans-serif" font-size="9.67741935483871" opacity="1" fill="#000000">
7.0
</text>
<polyline fill="none" opacity="1" stroke="#000000" stroke-width="1" points="44,139 49,139 "/>
<text x="40" y="96" dy="0.5ex" text-anchor="end" font-family="sans-serif" font-size="9.67741935483871" opacity="1" fill="#000000">
8.0
</text>
<polyline fill="none" opacity="1" stroke="#000000" stroke-width="1" points="44,96 49,96 "/>
<text x="40" y="53" dy="0.5ex" text-anchor="end" font-family="sans-serif" font-size="9.67741935483871" opacity="1" fill="#000000">
9.0
</text>
<polyline fill="none" opacity="1" stroke="#000000" stroke-width="1" points="44,53 49,53 "/>
<text x="40" y="10" dy="0.5ex" text-anchor="end" font-family="sans-serif" font-size="9.67741935483871" opacity="1" fill="#000000">
10.0
</text>
<polyline fill="none" opacity="1" stroke="#000000" stroke-width="1" points="44,10 49,10 "/>
<polyline fill="none" opacity="1" stroke="#000000" stroke-width="1" points="50,440 629,440 "/>
<text x="70" y="450" dy="0.76em" text-anchor="middle" font-family="sans-serif" font-size="9.67741935483871" opacity="1" fill="#000000">
2024-01-01
</text>
<polyline fill="none" opacity="1" stroke="#000000" stroke-width="1" points="70,440 70,445 "/>
<text x="360" y="450" dy="0.76em" text-anchor="middle" font-family="sans-serif" font-size="9.67741935483871" opacity="1" fill="#000000">
2024-01-08
</text>
<polyline fill="none" opacity="1" stroke="#000000" stroke-width="1" points="360,440 360,445 "/>
<rect x="55" y="439" width="31" height="0" opacity="1" fill="#E6194B" stroke="none"/>
<rect x="96" y="268" width="31" height="171" opacity="1" fill="#E6194B" stroke="none"/>
<rect x="137" y="96" width="32" height="343" opacity="1" fill="#E6194B" stroke="none"/>
<rect x="179" y="397" width="31" height="42" opacity="1" fill="#E6194B" stroke="none"/>
<rect x="220" y="225" width="31" height="214" opacity="1" fill="#E6194B" stroke="none"/>
<rect x="261" y="53" width="32" height="386" opacity="1" fill="#E6194B" stroke="none"/>
<rect x="303" y="354" width="31" height="85" opacity="1" fill="#E6194B" stroke="none"/>
<rect x="344" y="182" width="31" height="257" opacity="1" fill="#E6194B" stroke="none"/>
<rect x="385" y="10" width="32" height="429" opacity="1" fill="#E6194B" stroke="none"/>
<rect x="427" y="311" width="31" height="128" opacity="1" fill="#E6194B" stroke="none"/>
<rect x="468" y="139" width="31" height="300" opacity="1" fill="#E6194B" stroke="none"/>
<rect x="509" y="439" width="32" height="0" opacity="1" fill="#E6194B" stroke="none"/>
<rect x="551" y="268" width="31" height="171" opacity="1" fill="#E6194B" stroke="none"/>
<rect x="592" y="96" width="32" height="343" opacity="1" fill="#E6194B" stroke="none"/>
<polyline fill="none" opacity="1" stroke="#000000" stroke-width="2" points="70,439 112,268 153,96 194,397 236,225 277,53 318,354 360,182 401,10 442,311 484,139 525,439 566,268 608,96 "/>
<text x="586" y="213" dy="0.76em" text-anchor="start" font-family="sans-serif" font-size="9.67741935483871" opacity="1" fill="#000000">
count
</text>
<text x="586" y="228" dy="0.76em" text-anchor="start" font-family="sans-serif" font-size="9.67741935483871" opacity="1" fill="#000000">
trend
</text>
<rect x="556" y="212" width="20" height="10" opacity="1" fill="#E6194B" stroke="none"/>
<polyline fill="none" opacity="1" stroke="#000000" stroke-width="2" points="556,232 576,232 "/>
</svg>
