---
source: crates/duckers-chart/tests/render.rs
assertion_line: 435
expression: "to_svg(& chart, w, h).unwrap()"
---
<svg width="640" height="480" viewBox="0 0 640 480" xmlns="http://www.w3.org/2000/svg">
<rect x="0" y="0" width="640" height="480" opacity="1" fill="#FFFFFF" stroke="none"/>
<line opacity="0.1" stroke="#000000" stroke-width="1" x1="50" y1="439" x2="50" y2="10"/>
<line opacity="0.1" stroke="#000000" stroke-width="1" x1="55" y1="439" x2="55" y2="10"/>
<line opacity="0.1" stroke="#000000" stroke-width="1" x1="61" y1="439" x2="61" y2="10"/>
<line opacity="0.1" stroke="#000000" stroke-width="1" x1="67" y1="439" x2="67" y2="10"/>
<line opacity="0.1" stroke="#000000" stroke-width="1" x1="73" y1="439" x2="73" y2="10"/>
<line opacity="0.1" stroke="#000000" stroke-width="1" x1="78" y1="439" x2="78" y2="10"/>
<line opacity="0.1" stroke="#000000" stroke-width="1" x1="84" y1="439" x2="84" y2="10"/>
<line opacity="0.1" stroke="#000000" stroke-width="1" x1="90" y1="439" x2="90" y2="10"/>
<line opacity="0.1" stroke="#000000" stroke-width="1" x1="96" y1="439" x2="96" y2="10"/>
<line opacity="0.1" stroke="#000000" stroke-width="1" x1="102" y1="439" x2="102" y2="10"/>
<line opacity="0.1" stroke="#000000" stroke-width="1" x1="107" y1="439" x2="107" y2="10"/>
<line opacity="0.1" stroke="#000000" stroke-width="1" x1="113" y1="439" x2="113" y2="10"/>
<line opacity="0.1" stroke="#000000" stroke-width="1" x1="119" y1="439" x2="119" y2="10"/>
<line opacity="0.1" stroke="#000000" stroke-width="1" x1="125" y1="439" x2="125" y2="10"/>
<line opacity="0.1" stroke="#000000" stroke-width="1" x1="131" y1="439" x2="131" y2="10"/>
<line opacity="0.1" stroke="#000000" stroke-width="1" x1="136" y1="439" x2="136" y2="10"/>
<line opacity="0.1" stroke="#000000" stroke-width="1" x1="142" y1="439" x2="142" y2="10"/>
<line opacity="0.1" stroke="#000000" stroke-width="1" x1="148" y1="439" x2="148" y2="10"/>
<line opacity="0.1" stroke="#000000" stroke-width="1" x1="154" y1="439" x2="154" y2="10"/>
<line opacity="0.1" stroke="#000000" stroke-width="1" x1="160" y1="439" x2="160" y2="10"/>
<line opacity="0.1" stroke="#000000" stroke-width="1" x1="165" y1="439" x2="165" y2="10"/>
<line opacity="0.1" stroke="#000000" stroke-width="1" x1="171" y1="439" x2="171" y2="10"/>
<line opacity="0.1" stroke="#000000" stroke-width="1" x1="177" y1="439" x2="177" y2="10"/>
<line opacity="0.1" stroke="#000000" stroke-width="1" x1="183" y1="439" x2="183" y2="10"/>
<line opacity="0.1" stroke="#000000" stroke-width="1" x1="188" y1="439" x2="188" y2="10"/>
<line opacity="0.1" stroke="#000000" stroke-width="1" x1="194" y1="439" x2="194" y2="10"/>
<line opacity="0.1" stroke="#000000" stroke-width="1" x1="200" y1="439" x2="200" y2="10"/>
<line opacity="0.1" stroke="#000000" stroke-width="1" x1="206" y1="439" x2="206" y2="10"/>
<line opacity="0.1" stroke="#000000" stroke-width="1" x1="212" y1="439" x2="212" y2="10"/>
<line opacity="0.1" stroke="#000000" stroke-width="1" x1="217" y1="439" x2="217" y2="10"/>
<line opacity="0.1" stroke="#000000" stroke-width="1" x1="223" y1="439" x2="223" y2="10"/>
<line opacity="0.1" stroke="#000000" stroke-width="1" x1="229" y1="439" x2="229" y2="10"/>
<line opacity="0.1" stroke="#000000" stroke-width="1" x1="235" y1="439" x2="235" y2="10"/>
<line opacity="0.1" stroke="#000000" stroke-width="1" x1="241" y1="439" x2="241" y2="10"/>
<line opacity="0.1" stroke="#000000" stroke-width="1" x1="246" y1="439" x2="246" y2="10"/>
<line opacity="0.1" stroke="#000000" stroke-width="1" x1="252" y1="439" x2="252" y2="10"/>
<line opacity="0.1" stroke="#000000" stroke-width="1" x1="258" y1="439" x2="258" y2="10"/>
<line opacity="0.1" stroke="#000000" stroke-width="1" x1="264" y1="439" x2="264" y2="10"/>
<line opacity="0.1" stroke="#000000" stroke-width="1" x1="270" y1="439" x2="270" y2="10"/>
<line opacity="0.1" stroke="#000000" stroke-width="1" x1="275" y1="439" x2="275" y2="10"/>
<line opacity="0.1" stroke="#000000" stroke-width="1" x1="281" y1="439" x2="281" y2="10"/>
<line opacity="0.1" stroke="#000000" stroke-width="1" x1="287" y1="439" x2="287" y2="10"/>
<line opacity="0.1" stroke="#000000" stroke-width="1" x1="293" y1="439" x2="293" y2="10"/>
<line opacity="0.1" stroke="#000000" stroke-width="1" x1="298" y1="439" x2="298" y2="10"/>
<line opacity="0.1" stroke="#000000" stroke-width="1" x1="304" y1="439" x2="304" y2="10"/>
<line opacity="0.1" stroke="#000000" stroke-width="1" x1="310" y1="439" x2="310" y2="10"/>
<line opacity="0.1" stroke="#000000" stroke-width="1" x1="316" y1="439" x2="316" y2="10"/>
<line opacity="0.1" stroke="#000000" stroke-width="1" x1="322" y1="439" x2="322" y2="10"/>
<line opacity="0.1" stroke="#000000" stroke-width="1" x1="327" y1="439" x2="327" y2="10"/>
<line opacity="0.1" stroke="#000000" stroke-width="1" x1="333" y1="439" x2="333" y2="10"/>
<line opacity="0.1" stroke="#000000" stroke-width="1" x1="339" y1="439" x2="339" y2="10"/>
<line opacity="0.1" stroke="#000000" stroke-width="1" x1="345" y1="439" x2="345" y2="10"/>
<line opacity="0.1" stroke="#000000" stroke-width="1" x1="351" y1="439" x2="351" y2="10"/>
<line opacity="0.1" stroke="#000000" stroke-width="1" x1="356" y1="439" x2="356" y2="10"/>
<line opacity="0.1" stroke="#000000" stroke-width="1" x1="362" y1="439" x2="362" y2="10"/>
<line opacity="0.1" stroke="#000000" stroke-width="1" x1="368" y1="439" x2="368" y2="10"/>
<line opacity="0.1" stroke="#000000" stroke-width="1" x1="374" y1="439" x2="374" y2="10"/>
<line opacity="0.1" stroke="#000000" stroke-width="1" x1="380" y1="439" x2="380" y2="10"/>
<line opacity="0.1" stroke="#000000" stroke-width="1" x1="385" y1="439" x2="385" y2="10"/>
<line opacity="0.1" stroke="#000000" stroke-width="1" x1="391" y1="439" x2="391" y2="10"/>
<line opacity="0.1" stroke="#000000" stroke-width="1" x1="397" y1="439" x2="397" y2="10"/>
<line opacity="0.1" stroke="#000000" stroke-width="1" x1="403" y1="439" x2="403" y2="10"/>
<line opacity="0.1" stroke="#000000" stroke-width="1" x1="408" y1="439" x2="408" y2="10"/>
<line opacity="0.1" stroke="#000000" stroke-width="1" x1="414" y1="439" x2="414" y2="10"/>
<line opacity="0.1" stroke="#000000" stroke-width="1" x1="420" y1="439" x2="420" y2="10"/>
<line opacity="0.1" stroke="#000000" stroke-width="1" x1="426" y1="439" x2="426" y2="10"/>
<line opacity="0.1" stroke="#000000" stroke-width="1" x1="432" y1="439" x2="432" y2="10"/>
<line opacity="0.1" stroke="#000000" stroke-width="1" x1="437" y1="439" x2="437" y2="10"/>
<line opacity="0.1" stroke="#000000" stroke-width="1" x1="443" y1="439" x2="443" y2="10"/>
<line opacity="0.1" stroke="#000000" stroke-width="1" x1="449" y1="439" x2="449" y2="10"/>
<line opacity="0.1" stroke="#000000" stroke-width="1" x1="455" y1="439" x2="455" y2="10"/>
<line opacity="0.1" stroke="#000000" stroke-width="1" x1="461" y1="439" x2="461" y2="10"/>
<line opacity="0.1" stroke="#000000" stroke-width="1" x1="466" y1="439" x2="466" y2="10"/>
<line opacity="0.1" stroke="#000000" stroke-width="1" x1="472" y1="439" x2="472" y2="10"/>
<line opacity="0.1" stroke="#000000" stroke-width="1" x1="478" y1="439" x2="478" y2="10"/>
<line opacity="0.1" stroke="#000000" stroke-width="1" x1="484" y1="439" x2="484" y2="10"/>
<line opacity="0.1" stroke="#000000" stroke-width="1" x1="490" y1="439" x2="490" y2="10"/>
<line opacity="0.1" stroke="#000000" stroke-width="1" x1="495" y1="439" x2="495" y2="10"/>
<line opacity="0.1" stroke="#000000" stroke-width="1" x1="501" y1="439" x2="501" y2="10"/>
<line opacity="0.1" stroke="#000000" stroke-width="1" x1="507" y1="439" x2="507" y2="10"/>
<line opacity="0.1" stroke="#000000" stroke-width="1" x1="513" y1="439" x2="513" y2="10"/>
<line opacity="0.1" stroke="#000000" stroke-width="1" x1="518" y1="439" x2="518" y2="10"/>
<line opacity="0.1" stroke="#000000" stroke-width="1" x1="524" y1="439" x2="524" y2="10"/>
<line opacity="0.1" stroke="#000000" stroke-width="1" x1="530" y1="439" x2="530" y2="10"/>
<line opacity="0.1" stroke="#000000" stroke-width="1" x1="536" y1="439" x2="536" y2="10"/>
<line opacity="0.1" stroke="#000000" stroke-width="1" x1="542" y1="439" x2="542" y2="10"/>
<line opacity="0.1" stroke="#000000" stroke-width="1" x1="547" y1="439" x2="547" y2="10"/>
<line opacity="0.1" stroke="#000000" stroke-width="1" x1="553" y1="439" x2="553" y2="10"/>
<line opacity="0.1" stroke="#000000" stroke-width="1" x1="559" y1="439" x2="559" y2="10"/>
<line opacity="0.1" stroke="#000000" stroke-width="1" x1="565" y1="439" x2="565" y2="10"/>
<line opacity="0.1" stroke="#000000" stroke-width="1" x1="571" y1="439" x2="571" y2="10"/>
<line opacity="0.1" stroke="#000000" stroke-width="1" x1="576" y1="439" x2="576" y2="10"/>
<line opacity="0.1" stroke="#000000" stroke-width="1" x1="582" y1="439" x2="582" y2="10"/>
<line opacity="0.1" stroke="#000000" stroke-width="1" x1="588" y1="439" x2="588" y2="10"/>
<line opacity="0.1" stroke="#000000" stroke-width="1" x1="594" y1="439" x2="594" y2="10"/>
<line opacity="0.1" stroke="#000000" stroke-width="1" x1="600" y1="439" x2="600" y2="10"/>
<line opacity="0.1" stroke="#000000" stroke-width="1" x1="605" y1="439" x2="605" y2="10"/>
<line opacity="0.1" stroke="#000000" stroke-width="1" x1="611" y1="439" x2="611" y2="10"/>
<line opacity="0.1" stroke="#000000" stroke-width="1" x1="617" y1="439" x2="617" y2="10"/>
<line opacity="0.1" stroke="#000000" stroke-width="1" x1="623" y1="439" x2="623" y2="10"/>
<line opacity="0.1" stroke="#000000" stroke-width="1" x1="50" y1="439" x2="629" y2="439"/>
<line opacity="0.1" stroke="#000000" stroke-width="1" x1="50" y1="435" x2="629" y2="435"/>
<line opacity="0.1" stroke="#000000" stroke-width="1" x1="50" y1="431" x2="629" y2="431"/>
<line opacity="0.1" stroke="#000000" stroke-width="1" x1="50" y1="427" x2="629" y2="427"/>
<line opacity="0.1" stroke="#000000" stroke-width="1" x1="50" y1="422" x2="629" y2="422"/>
<line opacity="0.1" stroke="#000000" stroke-width="1" x1="50" y1="418" x2="629" y2="418"/>
<line opacity="0.1" stroke="#000000" stroke-width="1" x1="50" y1="414" x2="629" y2="414"/>
<line opacity="0.1" stroke="#000000" stroke-width="1" x1="50" y1="409" x2="629" y2="409"/>
<line opacity="0.1" stroke="#000000" stroke-width="1" x1="50" y1="405" x2="629" y2="405"/>
<line opacity="0.1" stroke="#000000" stroke-width="1" x1="50" y1="401" x2="629" y2="401"/>
<line opacity="0.1" stroke="#000000" stroke-width="1" x1="50" y1="397" x2="629" y2="397"/>
<line opacity="0.1" stroke="#000000" stroke-width="1" x1="50" y1="392" x2="629" y2="392"/>
<line opacity="0.1" stroke="#000000" stroke-width="1" x1="50" y1="388" x2="629" y2="388"/>
<line opacity="0.1" stroke="#000000" stroke-width="1" x1="50" y1="384" x2="629" y2="384"/>
<line opacity="0.1" stroke="#000000" stroke-width="1" x1="50" y1="379" x2="629" y2="379"/>
<line opacity="0.1" stroke="#000000" stroke-width="1" x1="50" y1="375" x2="629" y2="375"/>
<line opacity="0.1" stroke="#000000" stroke-width="1" x1="50" y1="371" x2="629" y2="371"/>
<line opacity="0.1" stroke="#000000" stroke-width="1" x1="50" y1="367" x2="629" y2="367"/>
<line opacity="0.1" stroke="#000000" stroke-width="1" x1="50" y1="362" x2="629" y2="362"/>
<line opacity="0.1" stroke="#000000" stroke-width="1" x1="50" y1="358" x2="629" y2="358"/>
<line opacity="0.1" stroke="#000000" stroke-width="1" x1="50" y1="354" x2="629" y2="354"/>
<line opacity="0.1" stroke="#000000" stroke-width="1" x1="50" y1="349" x2="629" y2="349"/>
<line opacity="0.1" stroke="#000000" stroke-width="1" x1="50" y1="345" x2="629" y2="345"/>
<line opacity="0.1" stroke="#000000" stroke-width="1" x1="50" y1="341" x2="629" y2="341"/>
<line opacity="0.1" stroke="#000000" stroke-width="1" x1="50" y1="337" x2="629" y2="337"/>
<line opacity="0.1" stroke="#000000" stroke-width="1" x1="50" y1="332" x2="629" y2="332"/>
<line opacity="0.1" stroke="#000000" stroke-width="1" x1="50" y1="328" x2="629" y2="328"/>
<line opacity="0.1" stroke="#000000" stroke-width="1" x1="50" y1="324" x2="629" y2="324"/>
<line opacity="0.1" stroke="#000000" stroke-width="1" x1="50" y1="319" x2="629" y2="319"/>
<line opacity="0.1" stroke="#000000" stroke-width="1" x1="50" y1="315" x2="629" y2="315"/>
<line opacity="0.1" stroke="#000000" stroke-width="1" x1="50" y1="311" x2="629" y2="311"/>
<line opacity="0.1" stroke="#000000" stroke-width="1" x1="50" y1="307" x2="629" y2="307"/>
<line opacity="0.1" stroke="#000000" stroke-width="1" x1="50" y1="302" x2="629" y2="302"/>
<line opacity="0.1" stroke="#000000" stroke-width="1" x1="50" y1="298" x2="629" y2="298"/>
<line opacity="0.1" stroke="#000000" stroke-width="1" x1="50" y1="294" x2="629" y2="294"/>
<line opacity="0.1" stroke="#000000" stroke-width="1" x1="50" y1="289" x2="629" y2="289"/>
<line opacity="0.1" stroke="#000000" stroke-width="1" x1="50" y1="285" x2="629" y2="285"/>
<line opacity="0.1" stroke="#000000" stroke-width="1" x1="50" y1="281" x2="629" y2="281"/>
<line opacity="0.1" stroke="#000000" stroke-width="1" x1="50" y1="276" x2="629" y2="276"/>
<line opacity="0.1" stroke="#000000" stroke-width="1" x1="50" y1="272" x2="629" y2="272"/>
<line opacity="0.1" stroke="#000000" stroke-width="1" x1="50" y1="268" x2="629" y2="268"/>
<line opacity="0.1" stroke="#000000" stroke-width="1" x1="50" y1="264" x2="629" y2="264"/>
<line opacity="0.1" stroke="#000000" stroke-width="1" x1="50" y1="259" x2="629" y2="259"/>
<line opacity="0.1" stroke="#000000" stroke-width="1" x1="50" y1="255" x2="629" y2="255"/>
<line opacity="0.1" stroke="#000000" stroke-width="1" x1="50" y1="251" x2="629" y2="251"/>
<line opacity="0.1" stroke="#000000" stroke-width="1" x1="50" y1="246" x2="629" y2="246"/>
<line opacity="0.1" stroke="#000000" stroke-width="1" x1="50" y1="242" x2="629" y2="242"/>
<line opacity="0.1" stroke="#000000" stroke-width="1" x1="50" y1="238" x2="629" y2="238"/>
<line opacity="0.1" stroke="#000000" stroke-width="1" x1="50" y1="234" x2="629" y2="234"/>
<line opacity="0.1" stroke="#000000" stroke-width="1" x1="50" y1="229" x2="629" y2="229"/>
<line opacity="0.1" stroke="#000000" stroke-width="1" x1="50" y1="225" x2="629" y2="225"/>
<line opacity="0.1" stroke="#000000" stroke-width="1" x1="50" y1="221" x2="629" y2="221"/>
<line opacity="0.1" stroke="#000000" stroke-width="1" x1="50" y1="216" x2="629" y2="216"/>
<line opacity="0.1" stroke="#000000" stroke-width="1" x1="50" y1="212" x2="629" y2="212"/>
<line opacity="0.1" stroke="#000000" stroke-width="1" x1="50" y1="208" x2="629" y2="208"/>
<line opacity="0.1" stroke="#000000" stroke-width="1" x1="50" y1="204" x2="629" y2="204"/>
<line opacity="0.1" stroke="#000000" stroke-width="1" x1="50" y1="199" x2="629" y2="199"/>
<line opacity="0.1" stroke="#000000" stroke-width="1" x1="50" y1="195" x2="629" y2="195"/>
<line opacity="0.1" stroke="#000000" stroke-width="1" x1="50" y1="191" x2="629" y2="191"/>
<line opacity="0.1" stroke="#000000" stroke-width="1" x1="50" y1="186" x2="629" y2="186"/>
<line opacity="0.1" stroke="#000000" stroke-width="1" x1="50" y1="182" x2="629" y2="182"/>
<line opacity="0.1" stroke="#000000" stroke-width="1" x1="50" y1="178" x2="629" y2="178"/>
<line opacity="0.1" stroke="#000000" stroke-width="1" x1="50" y1="174" x2="629" y2="174"/>
<line opacity="0.1" stroke="#000000" stroke-width="1" x1="50" y1="169" x2="629" y2="169"/>
<line opacity="0.1" stroke="#000000" stroke-width="1" x1="50" y1="165" x2="629" y2="165"/>
<line opacity="0.1" stroke="#000000" stroke-width="1" x1="50" y1="161" x2="629" y2="161"/>
<line opacity="0.1" stroke="#000000" stroke-width="1" x1="50" y1="156" x2="629" y2="156"/>
<line opacity="0.1" stroke="#000000" stroke-width="1" x1="50" y1="152" x2="629" y2="152"/>
<line opacity="0.1" stroke="#000000" stroke-width="1" x1="50" y1="148" x2="629" y2="148"/>
<line opacity="0.1" stroke="#000000" stroke-width="1" x1="50" y1="143" x2="629" y2="143"/>
<line opacity="0.1" stroke="#000000" stroke-width="1" x1="50" y1="139" x2="629" y2="139"/>
<line opacity="0.1" stroke="#000000" stroke-width="1" x1="50" y1="135" x2="629" y2="135"/>
<line opacity="0.1" stroke="#000000" stroke-width="1" x1="50" y1="131" x2="629" y2="131"/>
<line opacity="0.1" stroke="#000000" stroke-width="1" x1="50" y1="126" x2="629" y2="126"/>
<line opacity="0.1" stroke="#000000" stroke-width="1" x1="50" y1="122" x2="629" y2="122"/>
<line opacity="0.1" stroke="#000000" stroke-width="1" x1="50" y1="118" x2="629" y2="118"/>
<line opacity="0.1" stroke="#000000" stroke-width="1" x1="50" y1="113" x2="629" y2="113"/>
<line opacity="0.1" stroke="#000000" stroke-width="1" x1="50" y1="109" x2="629" y2="109"/>
<line opacity="0.1" stroke="#000000" stroke-width="1" x1="50" y1="105" x2="629" y2="105"/>
<line opacity="0.1" stroke="#000000" stroke-width="1" x1="50" y1="101" x2="629" y2="101"/>
<line opacity="0.1" stroke="#000000" stroke-width="1" x1="50" y1="96" x2="629" y2="96"/>
<line opacity="0.1" stroke="#000000" stroke-width="1" x1="50" y1="92" x2="629" y2="92"/>
<line opacity="0.1" stroke="#000000" stroke-width="1" x1="50" y1="88" x2="629" y2="88"/>
<line opacity="0.1" stroke="#000000" stroke-width="1" x1="50" y1="83" x2="629" y2="83"/>
<line opacity="0.1" stroke="#000000" stroke-width="1" x1="50" y1="79" x2="629" y2="79"/>
<line opacity="0.1" stroke="#000000" stroke-width="1" x1="50" y1="75" x2="629" y2="75"/>
<line opacity="0.1" stroke="#000000" stroke-width="1" x1="50" y1="71" x2="629" y2="71"/>
<line opacity="0.1" stroke="#000000" stroke-width="1" x1="50" y1="66" x2="629" y2="66"/>
<line opacity="0.1" stroke="#000000" stroke-width="1" x1="50" y1="62" x2="629" y2="62"/>
<line opacity="0.1" stroke="#000000" stroke-width="1" x1="50" y1="58" x2="629" y2="58"/>
<line opacity="0.1" stroke="#000000" stroke-width="1" x1="50" y1="53" x2="629" y2="53"/>
<line opacity="0.1" stroke="#000000" stroke-width="1" x1="50" y1="49" x2="629" y2="49"/>
<line opacity="0.1" stroke="#000000" stroke-width="1" x1="50" y1="45" x2="629" y2="45"/>
<line opacity="0.1" stroke="#000000" stroke-width="1" x1="50" y1="41" x2="629" y2="41"/>
<line opacity="0.1" stroke="#000000" stroke-width="1" x1="50" y1="36" x2="629" y2="36"/>
<line opacity="0.1" stroke="#000000" stroke-width="1" x1="50" y1="32" x2="629" y2="32"/>
<line opacity="0.1" stroke="#000000" stroke-width="1" x1="50" y1="28" x2="629" y2="28"/>
<line opacity="0.1" stroke="#000000" stroke-width="1" x1="50" y1="23" x2="629" y2="23"/>
<line opacity="0.1" stroke="#000000" stroke-width="1" x1="50" y1="19" x2="629" y2="19"/>
<line opacity="0.1" stroke="#000000" stroke-width="1" x1="50" y1="15" x2="629" y2="15"/>
<line opacity="0.2" stroke="#000000" stroke-width="1" x1="50" y1="439" x2="50" y2="10"/>
<line opacity="0.2" stroke="#000000" stroke-width="1" x1="107" y1="439" x2="107" y2="10"/>
<line opacity="0.2" stroke="#000000" stroke-width="1" x1="165" y1="439" x2="165" y2="10"/>
<line opacity="0.2" stroke="#000000" stroke-width="1" x1="223" y1="439" x2="223" y2="10"/>
<line opacity="0.2" stroke="#000000" stroke-width="1" x1="281" y1="439" x2="281" y2="10"/>
<line opacity="0.2" stroke="#000000" stroke-width="1" x1="339" y1="439" x2="339" y2="10"/>
<line opacity="0.2" stroke="#000000" stroke-width="1" x1="397" y1="439" x2="397" y2="10"/>
<line opacity="0.2" stroke="#000000" stroke-width="1" x1="455" y1="439" x2="455" y2="10"/>
<line opacity="0.2" stroke="#000000" stroke-width="1" x1="513" y1="439" x2="513" y2="10"/>
<line opacity="0.2" stroke="#000000" stroke-width="1" x1="571" y1="439" x2="571" y2="10"/>
<line opacity="0.2" stroke="#000000" stroke-width="1" x1="629" y1="439" x2="629" y2="10"/>
<line opacity="0.2" stroke="#000000" stroke-width="1" x1="50" y1="439" x2="629" y2="439"/>
<line opacity="0.2" stroke="#000000" stroke-width="1" x1="50" y1="397" x2="629" y2="397"/>
<line opacity="0.2" stroke="#000000" stroke-width="1" x1="50" y1="354" x2="629" y2="354"/>
<line opacity="0.2" stroke="#000000" stroke-width="1" x1="50" y1="311" x2="629" y2="311"/>
<line opacity="0.2" stroke="#000000" stroke-width="1" x1="50" y1="268" x2="629" y2="268"/>
<line opacity="0.2" stroke="#000000" stroke-width="1" x1="50" y1="225" x2="629" y2="225"/>
<line opacity="0.2" stroke="#000000" stroke-width="1" x1="50" y1="182" x2="629" y2="182"/>
<line opacity="0.2" stroke="#000000" stroke-width="1" x1="50" y1="139" x2="629" y2="139"/>
<line opacity="0.2" stroke="#000000" stroke-width="1" x1="50" y1="96" x2="629" y2="96"/>
<line opacity="0.2" stroke="#000000" stroke-width="1" x1="50" y1="53" x2="629" y2="53"/>
<line opacity="0.2" stroke="#000000" stroke-width="1" x1="50" y1="10" x2="629" y2="10"/>
<polyline fill="none" opacity="1" stroke="#000000" stroke-width="1" points="49,10 49,439 "/>
<text x="40" y="439" dy="0.5ex" text-anchor="end" font-family="sans-serif" font-size="9.67741935483871" opacity="1" fill="#000000">
0.0
</text>
<polyline fill="none" opacity="1" stroke="#000000" stroke-width="1" points="44,439 49,439 "/>
<text x="40" y="397" dy="0.5ex" text-anchor="end" font-family="sans-serif" font-size="9.67741935483871" opacity="1" fill="#000000">
0.1
</text>
<polyline fill="none" opacity="1" stroke="#000000" stroke-width="1" points="44,397 49,397 "/>
<text x="40" y="354" dy="0.5ex" text-anchor="end" font-family="sans-serif" font-size="9.67741935483871" opacity="1" fill="#000000">
0.2
</text>
<polyline fill="none" opacity="1" stroke="#000000" stroke-width="1" points="44,354 49,354 "/>
<text x="40" y="311" dy="0.5ex" text-anchor="end" font-family="sans-serif" font-size="9.67741935483871" opacity="1" fill="#000000">
0.3
</text>
<polyline fill="none" opacity="1" stroke="#000000" stroke-width="1" points="44,311 49,311 "/>
<text x="40" y="268" dy="0.5ex" text-anchor="end" font-family="sans-serif" font-size="9.67741935483871" opacity="1" fill="#000000">
0.4
</text>
<polyline fill="none" opacity="1" stroke="#000000" stroke-width="1" points="44,268 49,268 "/>
<text x="40" y="225" dy="0.5ex" text-anchor="end" font-family="sans-serif" font-size="9.67741935483871" opacity="1" fill="#000000">
0.5
</text>
<polyline fill="none" opacity="1" stroke="#000000" stroke-width="1" points="44,225 49,225 "/>
<text x="40" y="182" dy="0.5ex" text-anchor="end" font-family="sans-serif" font-size="9.67741935483871" opacity="1" fill="#000000">
0.6
</text>
<polyline fill="none" opacity="1" stroke="#000000" stroke-width="1" points="44,182 49,182 "/>
<text x="40" y="139" dy="0.5ex" text-anchor="end" font-family="sans-serif" font-size="9.67741935483871" opacity="1" fill="#000000">
0.7
</text>
<polyline fill="none" opacity="1" stroke="#000000" stroke-width="1" points="44,139 49,139 "/>
<text x="40" y="96" dy="0.5ex" text-anchor="end" font-family="sans-serif" font-size="9.67741935483871" opacity="1" fill="#000000">
0.8
</text>
<polyline fill="none" opacity="1" stroke="#000000" stroke-width="1" points="44,96 49,96 "/>
<text x="40" y="53" dy="0.5ex" text-anchor="end" font-family="sans-serif" font-size="9.67741935483871" opacity="1" fill="#000000">
0.9
</text>
<polyline fill="none" opacity="1" stroke="#000000" stroke-width="1" points="44,53 49,53 "/>
<text x="40" y="10" dy="0.5ex" text-anchor="end" font-family="sans-serif" font-size="9.67741935483871" opacity="1" fill="#000000">
1.0
</text>
<polyline fill="none" opacity="1" stroke="#000000" stroke-width="1" points="44,10 49,10 "/>
<polyline fill="none" opacity="1" stroke="#000000" stroke-width="1" points="50,440 629,440 "/>
<text x="50" y="450" dy="0.76em" text-anchor="middle" font-family="sans-serif" font-size="9.67741935483871" opacity="1" fill="#000000">
0.0
</text>
<polyline fill="none" opacity="1" stroke="#000000" stroke-width="1" points="50,440 50,445 "/>
<text x="107" y="450" dy="0.76em" text-anchor="middle" font-family="sans-serif" font-size="9.67741935483871" opacity="1" fill="#000000">
0.1
</text>
<polyline fill="none" opacity="1" stroke="#000000" stroke-width="1" points="107,440 107,445 "/>
<text x="165" y="450" dy="0.76em" text-anchor="middle" font-family="sans-serif" font-size="9.67741935483871" opacity="1" fill="#000000">
0.2
</text>
<polyline fill="none" opacity="1" stroke="#000000" stroke-width="1" points="165,440 165,445 "/>
<text x="223" y="450" dy="0.76em" text-anchor="middle" font-family="sans-serif" font-size="9.67741935483871" opacity="1" fill="#000000">
0.3
</text>
<polyline fill="none" opacity="1" stroke="#000000" stroke-width="1" points="223,440 223,445 "/>
<text x="281" y="450" dy="0.76em" text-anchor="middle" font-family="sans-serif" font-size="9.67741935483871" opacity="1" fill="#000000">
0.4
</text>
<polyline fill="none" opacity="1" stroke="#000000" stroke-width="1" points="281,440 281,445 "/>
<text x="339" y="450" dy="0.76em" text-anchor="middle" font-family="sans-serif" font-size="9.67741935483871" opacity="1" fill="#000000">
0.5
</text>
<polyline fill="none" opacity="1" stroke="#000000" stroke-width="1" points="339,440 339,445 "/>
<text x="397" y="450" dy="0.76em" text-anchor="middle" font-family="sans-serif" font-size="9.67741935483871" opacity="1" fill="#000000">
0.6
</text>
<polyline fill="none" opacity="1" stroke="#000000" stroke-width="1" points="397,440 397,445 "/>
<text x="455" y="450" dy="0.76em" text-anchor="middle" font-family="sans-serif" font-size="9.67741935483871" opacity="1" fill="#000000">
0.7
</text>
<polyline fill="none" opacity="1" stroke="#000000" stroke-width="1" points="455,440 455,445 "/>
<text x="513" y="450" dy="0.76em" text-anchor="middle" font-family="sans-serif" font-size="9.67741935483871" opacity="1" fill="#000000">
0.8
</text>
<polyline fill="none" opacity="1" stroke="#000000" stroke-width="1" points="513,440 513,445 "/>
<text x="571" y="450" dy="0.76em" text-anchor="middle" font-family="sans-serif" font-size="9.67741935483871" opacity="1" fill="#000000">
0.9
</text>
<polyline fill="none" opacity="1" stroke="#000000" stroke-width="1" points="571,440 571,445 "/>
<text x="629" y="450" dy="0.76em" text-anchor="middle" font-family="sans-serif" font-size="9.67741935483871" opacity="1" fill="#000000">
1.0
</text>
<polyline fill="none" opacity="1" stroke="#000000" stroke-width="1" points="629,440 629,445 "/>
</svg>
